{
  "version": "1.5.0",
  "plugins_used": [
    {
      "name": "ArtifactoryDetector"
    },
    {
      "name": "AWSKeyDetector"
    },
    {
      "name": "AzureStorageKeyDetector"
    },
    {
      "name": "Base64HighEntropyString",
      "limit": 4.5
    },
    {
      "name": "BasicAuthDetector"
    },
    {
      "name": "CloudantDetector"
    },
    {
      "name": "DiscordBotTokenDetector"
    },
    {
      "name": "GitHubTokenDetector"
    },
    {
      "name": "GitLabTokenDetector"
    },
    {
      "name": "HexHighEntropyString",
      "limit": 3.0
    },
    {
      "name": "IbmCloudIamDetector"
    },
    {
      "name": "IbmCosHmacDetector"
    },
    {
      "name": "IPPublicDetector"
    },
    {
      "name": "JwtTokenDetector"
    },
    {
      "name": "KeywordDetector",
      "keyword_exclude": ""
    },
    {
      "name": "MailchimpDetector"
    },
    {
      "name": "NpmDetector"
    },
    {
      "name": "OpenAIDetector"
    },
    {
      "name": "PrivateKeyDetector"
    },
    {
      "name": "PypiTokenDetector"
    },
    {
      "name": "SendGridDetector"
    },
    {
      "name": "SlackDetector"
    },
    {
      "name": "SoftlayerDetector"
    },
    {
      "name": "SquareOAuthDetector"
    },
    {
      "name": "StripeDetector"
    },
    {
      "name": "TelegramBotTokenDetector"
    },
    {
      "name": "TwilioKeyDetector"
    }
  ],
  "filters_used": [
    {
      "path": "detect_secrets.filters.allowlist.is_line_allowlisted"
    },
    {
      "path": "detect_secrets.filters.common.is_ignored_due_to_verification_policies",
      "min_level": 2
    },
    {
      "path": "detect_secrets.filters.heuristic.is_indirect_reference"
    },
    {
      "path": "detect_secrets.filters.heuristic.is_likely_id_string"
    },
    {
      "path": "detect_secrets.filters.heuristic.is_lock_file"
    },
    {
      "path": "detect_secrets.filters.heuristic.is_not_alphanumeric_string"
    },
    {
      "path": "detect_secrets.filters.heuristic.is_potential_uuid"
    },
    {
      "path": "detect_secrets.filters.heuristic.is_prefixed_with_dollar_sign"
    },
    {
      "path": "detect_secrets.filters.heuristic.is_sequential_string"
    },
    {
      "path": "detect_secrets.filters.heuristic.is_swagger_file"
    },
    {
      "path": "detect_secrets.filters.heuristic.is_templated_secret"
    },
    {
      "path": "detect_secrets.filters.regex.should_exclude_file",
      "pattern": [
        "\\.venv-precommit-test/",
        "node_modules/",
        "package-lock\\.json",
        "^\\.agents/",
        "^backend/tests/"
      ]
    }
  ],
  "results": {
    ".github/workflows/tests.yml": [
      {
        "type": "Basic Auth Credentials",
        "filename": ".github/workflows/tests.yml",
        "hashed_secret": "7f32aa32095067869705e1ef8511afc81ba40690",
        "is_verified": false,
        "line_number": 18
      },
      {
        "type": "Secret Keyword",
        "filename": ".github/workflows/tests.yml",
        "hashed_secret": "ab198ee0151353ea69f00c6249507004bed08683",
        "is_verified": false,
        "line_number": 18
      }
    ],
    "backend/alembic.ini": [
      {
        "type": "Basic Auth Credentials",
        "filename": "backend/alembic.ini",
        "hashed_secret": "9d4e1e23bd5b727046a9e3b4b7db57bd8d6ee684",
        "is_verified": false,
        "line_number": 69
      }
    ],
    "backend/alembic/versions/1cdbe98ea76f_initial_schema.py": [
      {
        "type": "Hex High Entropy String",
        "filename": "backend/alembic/versions/1cdbe98ea76f_initial_schema.py",
        "hashed_secret": "0df09f431e8b96ede5a97497e442fd5633466baa",
        "is_verified": false,
        "line_number": 16
      }
    ],
    "backend/alembic/versions/5bbc28459ce6_add_document_chunks_table.py": [
      {
        "type": "Hex High Entropy String",
        "filename": "backend/alembic/versions/5bbc28459ce6_add_document_chunks_table.py",
        "hashed_secret": "44c110a6d7e0002b2c058e7ae6b870f2d222613a",
        "is_verified": false,
        "line_number": 17
      }
    ],
    "backend/alembic/versions/a1b2c3d4e5f6_add_revision_notes_to_documents.py": [
      {
        "type": "Hex High Entropy String",
        "filename": "backend/alembic/versions/a1b2c3d4e5f6_add_revision_notes_to_documents.py",
        "hashed_secret": "ef678205593788329ff416ce5c65fa04f33a05bd",
        "is_verified": false,
        "line_number": 16
      }
    ],
    "backend/alembic/versions/af48452abec6_add_on_delete_set_null_to_flags_matched_.py": [
      {
        "type": "Hex High Entropy String",
        "filename": "backend/alembic/versions/af48452abec6_add_on_delete_set_null_to_flags_matched_.py",
        "hashed_secret": "3982422aff180ca7b794265926d09ded219d45e9",
        "is_verified": false,
        "line_number": 15
      }
    ],
    "backend/alembic/versions/b2c3d4e5f6a7_add_reminder_sent_audit_action.py": [
      {
        "type": "Hex High Entropy String",
        "filename": "backend/alembic/versions/b2c3d4e5f6a7_add_reminder_sent_audit_action.py",
        "hashed_secret": "7277847a690bab70c1fbc5ab8eddbbcecdad996c",
        "is_verified": false,
        "line_number": 15
      }
    ],
    "backend/alembic/versions/c3d4e5f6a7b8_add_in_app_notifications_enabled_to_users.py": [
      {
        "type": "Hex High Entropy String",
        "filename": "backend/alembic/versions/c3d4e5f6a7b8_add_in_app_notifications_enabled_to_users.py",
        "hashed_secret": "5f54b82127fdf5d4704c3fa47ea6efb79f16f243",
        "is_verified": false,
        "line_number": 16
      }
    ],
    "backend/alembic/versions/d74f6a286d02_add_original_filename_to_documents.py": [
      {
        "type": "Hex High Entropy String",
        "filename": "backend/alembic/versions/d74f6a286d02_add_original_filename_to_documents.py",
        "hashed_secret": "1a6f56076edccf7699ca5dfbb4ac39b6c55d547e",
        "is_verified": false,
        "line_number": 16
      }
    ],
    "backend/alembic/versions/efb7cc15507d_add_analysis_status_and_error_message.py": [
      {
        "type": "Hex High Entropy String",
        "filename": "backend/alembic/versions/efb7cc15507d_add_analysis_status_and_error_message.py",
        "hashed_secret": "7a2fd8116b4b8b88e03af186b48d0765d45d5b5f",
        "is_verified": false,
        "line_number": 17
      }
    ],
    "e2e/global-setup.ts": [
      {
        "type": "Secret Keyword",
        "filename": "e2e/global-setup.ts",
        "hashed_secret": "382caa7c44ee23ee25616f7e303af33c591efc3a",
        "is_verified": false,
        "line_number": 30
      }
    ]
  },
  "generated_at": "2026-09-22T09:16:45Z"
}
